namespace Tests\Http\Requests;

class TestRequiredIfInteger extends \Illuminate\Foundation\Http\FormRequest
{
    public function authorize() : bool
    {
        return true;
    }
    public function rules() : array
    {
        return array('integer' => array('integer', 'requiredIf:other,1'));
    }
}