namespace Tests\Http\Requests;

class TestRequiredInteger extends \Illuminate\Foundation\Http\FormRequest
{
    public function authorize() : bool
    {
        return true;
    }
    public function rules() : array
    {
        return array('integer' => array('integer', 'required'));
    }
}